// Jest Snapshot v1, https://goo.gl/fbAQLP

exports[`Category Page test suit Should render with correct snapshot 1`] = `
<div>
  <div>
    <div
      class="css-ybrkw5"
    >
      <nav
        class="css-1ikv20o navbar navbar-expand-md navbar-light sticky-top"
      >
        <a
          class="navbar-brand"
          href="/"
          id="logo-branch"
        >
          <img
            alt="logo"
            src="/media/logo.png"
          />
        </a>
        <button
          aria-controls="basic-navbar-nav"
          aria-label="Toggle navigation"
          class="navbar-toggler collapsed"
          type="button"
        >
          <span
            class="navbar-toggler-icon"
          />
        </button>
        <div
          class="navbar-collapse collapse"
          id="basic-navbar-nav"
        >
          <div
            class="inner-nav navbar-nav"
          >
            <a
              class="nav-link"
              data-rb-event-key="/"
              href="/"
            >
              HOME
            </a>
            <div
              class="nav-item dropdown"
            >
              <a
                aria-expanded="false"
                aria-haspopup="true"
                class="dropdown-toggle nav-link"
                href="#"
                role="button"
              >
                SHOP
              </a>
            </div>
            <a
              class="nav-link"
              data-rb-event-key="/"
              href="/"
            >
              JOURNAL
            </a>
            <div
              class="nav-item dropdown"
            >
              <a
                aria-expanded="false"
                aria-haspopup="true"
                class="dropdown-toggle nav-link"
                href="#"
                role="button"
              >
                MORE
              </a>
            </div>
            <div
              class="nav-item dropdown"
            >
              <a
                aria-expanded="false"
                aria-haspopup="true"
                class="dropdown-toggle nav-link"
                href="#"
                id="nav-cart"
                role="button"
              >
                MY CART (1)
              </a>
            </div>
          </div>
        </div>
      </nav>
    </div>
    <div
      class="css-1692lr3"
    >
      <div
        class="css-54yhhp"
      >
        <div
          class="css-82aryr"
        >
          <div
            class="css-a6lbtd"
          >
            Plates
            <hr
              style="color: white; margin: 0px;"
            />
          </div>
          <div
            class="css-dgitsn"
          >
            Lorrem ipsum dolor sit amet, consectetur adipiscing elit. Aliquam at purus pulvinar, placerat turpis ac, interdum metus. In eget massa sed enim hendrerir auctor a eget arcu. Curabitur ac pharetra nisl sit
          </div>
        </div>
      </div>
    </div>
    <div
      class="css-x0sfrr"
    >
      <div
        class="css-1i4ma4x"
      >
        <div
          class="css-1iyoj2o"
          data-testid="category1"
        >
          <div
            class="css-1kirz7d"
          >
            <div
              class="css-g2nr4m"
            />
            <div
              class="css-6gzdt7"
              width="100%"
            />
          </div>
          <div
            class="css-jyu1kt"
          >
            <div
              class="css-qnq5vm"
            >
              Kiriko
            </div>
            <div
              class="css-1bysjuy"
            >
              Blue Stripe Stoneware Plate
            </div>
            <div
              class="css-1no1bop"
            >
              $40.00
            </div>
          </div>
        </div>
        <div
          class="css-1iyoj2o"
          data-testid="category2"
        >
          <div
            class="css-1kirz7d"
          >
            <div
              class="css-g2nr4m"
            />
            <div
              class="css-1fi6bgp"
              width="100%"
            />
          </div>
          <div
            class="css-jyu1kt"
          >
            <div
              class="css-qnq5vm"
            >
              Kiriko
            </div>
            <div
              class="css-1bysjuy"
            >
              Hand Painted Blue Flat Dish
            </div>
            <div
              class="css-1no1bop"
            >
              $28.00
            </div>
          </div>
        </div>
      </div>
    </div>
  </div>
</div>
`;
